pci_cfg_read gpex-root 00:00.0 @0x0 -> 0x81b36
pci_cfg_read gpex-root 00:00.0 @0x8 -> 0x6000000
pci_cfg_read gpex-root 00:00.0 @0xc -> 0x0
pci_cfg_read gpex-root 00:00.0 @0x10 -> 0x0
pci_cfg_read pcie-root-port 00:01.0 @0x0 -> 0xc1b36
pci_cfg_read pcie-root-port 00:01.0 @0x8 -> 0x6040000
pci_cfg_read pcie-root-port 00:01.0 @0xc -> 0x810000
pci_cfg_read pcie-root-port 00:01.0 @0x8 -> 0x6040000
pci_cfg_read pcie-root-port 00:01.0 @0x18 -> 0x0
pci_cfg_read pcie-root-port 00:01.0 @0x10 -> 0x0
pci_cfg_read x3130-upstream 01:00.0 @0x0 -> 0x8232104c
pci_cfg_read x3130-upstream 01:00.0 @0x8 -> 0x6040002
pci_cfg_read x3130-upstream 01:00.0 @0xc -> 0x10000
pci_cfg_read x3130-upstream 01:00.0 @0x8 -> 0x6040002
pci_cfg_read x3130-upstream 01:00.0 @0x18 -> 0x0
pci_cfg_read x3130-upstream 01:00.0 @0x10 -> 0x0
pci_cfg_read nvme 03:00.0 @0x0 -> 0x101b36
pci_cfg_read nvme 03:00.0 @0x8 -> 0x1080202
pci_cfg_read nvme 03:00.0 @0xc -> 0x0
pci_cfg_read nvme 03:00.0 @0x10 -> 0x4
pci_cfg_read nvme 03:00.0 @0x14 -> 0x0
pci_cfg_write nvme 03:00.0 @0x10 <- 0xffffffff
pci_cfg_read e1000e 0f:00.0 @0x0 -> 0x10d38086
pci_cfg_read e1000e 0f:00.0 @0x8 -> 0x2000000
pci_cfg_read e1000e 0f:00.0 @0xc -> 0x0
pci_cfg_read e1000e 0f:00.0 @0x10 -> 0x0
